MCAL_TIM_Program.c:11:6:TIM_vInit	32	static
MCAL_TIM_Program.c:60:6:TIM_IC_vInit	24	static
MCAL_TIM_Program.c:114:6:TIM_PWM_vInit	24	static
MCAL_TIM_Program.c:188:6:TIM_PWM_Out_vInit	32	static
MCAL_TIM_Program.c:252:6:TIM_PWM_SetDutyCycle	24	static
MCAL_TIM_Program.c:280:6:TIM_vEnableINT	16	static
MCAL_TIM_Program.c:286:6:TIM_vDisableINT	16	static
MCAL_TIM_Program.c:290:17:TIM_xCheckINTSrc	16	static
MCAL_TIM_Program.c:297:6:TIM_vClearFlag	16	static
MCAL_TIM_Program.c:299:17:TIM_xCheckINTFlag	16	static
MCAL_TIM_Program.c:306:6:TIM_vStart	16	static
MCAL_TIM_Program.c:341:6:TIM_vStop	16	static
MCAL_TIM_Program.c:358:5:TIM_u32GetTimeElapsed	16	static
MCAL_TIM_Program.c:362:5:TIM_u32GetTimeRemaining	16	static
MCAL_TIM_Program.c:366:5:TIM_u32ReadCapturedVal	24	static
MCAL_TIM_Program.c:393:6:TIM_vSetCompareVal	24	static
MCAL_TIM_Program.c:419:6:TIM_vSetClkPolarity	24	static
MCAL_TIM_Program.c:433:15:TIM_GetChannelID	24	static
MCAL_TIM_Program.c:464:6:TIM_voidCapture_Compare_Init	24	static
MCAL_TIM_Program.c:527:6:TIM_vInitCounter	16	static
MCAL_TIM_Program.c:556:6:TIM_voidPWMInit	16	static
