MotorDriver_Program.c:51:6:MotorDriver_voidInit	8	static
MotorDriver_Program.c:65:6:MotorDriver_voidControlSpeed	16	static
MotorDriver_Program.c:72:6:MotorDriver_voidControlSpeedRight	16	static
MotorDriver_Program.c:78:6:MotorDriver_voidControlSpeedLeft	16	static
MotorDriver_Program.c:84:6:MotorDriver_voidMoveForward	8	static
MotorDriver_Program.c:91:6:MotorDriver_voidMoveBackward	8	static
MotorDriver_Program.c:98:6:MotorDriver_voidMoveRight	8	static
MotorDriver_Program.c:105:6:MotorDriver_voidMoveLeft	8	static
MotorDriver_Program.c:112:6:MotorDriver_voidMoveForRight	8	static
MotorDriver_Program.c:119:6:MotorDriver_voidMoveForLeft	8	static
MotorDriver_Program.c:126:6:MotorDriver_voidMoveBackRight	8	static
MotorDriver_Program.c:133:6:MotorDriver_voidMoveBackLeft	8	static
MotorDriver_Program.c:140:6:MotorDriver_voidStop	8	static
