Archive member included to satisfy reference by file (symbol)

c:/st/stm32cubeide_1.6.1/stm32cubeide/plugins/com.st.stm32cube.ide.mcu.externaltools.gnu-tools-for-stm32.9-2020-q2-update.win32_1.5.0.202011040924/tools/bin/../lib/gcc/arm-none-eabi/9.3.1/../../../../arm-none-eabi/lib/thumb/v7e-m+fp/hard\libc_nano.a(lib_a-errno.o)
                              Src/syscalls.o (__errno)
c:/st/stm32cubeide_1.6.1/stm32cubeide/plugins/com.st.stm32cube.ide.mcu.externaltools.gnu-tools-for-stm32.9-2020-q2-update.win32_1.5.0.202011040924/tools/bin/../lib/gcc/arm-none-eabi/9.3.1/../../../../arm-none-eabi/lib/thumb/v7e-m+fp/hard\libc_nano.a(lib_a-exit.o)
                              c:/st/stm32cubeide_1.6.1/stm32cubeide/plugins/com.st.stm32cube.ide.mcu.externaltools.gnu-tools-for-stm32.9-2020-q2-update.win32_1.5.0.202011040924/tools/bin/../lib/gcc/arm-none-eabi/9.3.1/../../../../arm-none-eabi/lib/thumb/v7e-m+fp/hard/crt0.o (exit)
c:/st/stm32cubeide_1.6.1/stm32cubeide/plugins/com.st.stm32cube.ide.mcu.externaltools.gnu-tools-for-stm32.9-2020-q2-update.win32_1.5.0.202011040924/tools/bin/../lib/gcc/arm-none-eabi/9.3.1/../../../../arm-none-eabi/lib/thumb/v7e-m+fp/hard\libc_nano.a(lib_a-impure.o)
                              c:/st/stm32cubeide_1.6.1/stm32cubeide/plugins/com.st.stm32cube.ide.mcu.externaltools.gnu-tools-for-stm32.9-2020-q2-update.win32_1.5.0.202011040924/tools/bin/../lib/gcc/arm-none-eabi/9.3.1/../../../../arm-none-eabi/lib/thumb/v7e-m+fp/hard\libc_nano.a(lib_a-exit.o) (_global_impure_ptr)
c:/st/stm32cubeide_1.6.1/stm32cubeide/plugins/com.st.stm32cube.ide.mcu.externaltools.gnu-tools-for-stm32.9-2020-q2-update.win32_1.5.0.202011040924/tools/bin/../lib/gcc/arm-none-eabi/9.3.1/../../../../arm-none-eabi/lib/thumb/v7e-m+fp/hard\libc_nano.a(lib_a-init.o)
                              c:/st/stm32cubeide_1.6.1/stm32cubeide/plugins/com.st.stm32cube.ide.mcu.externaltools.gnu-tools-for-stm32.9-2020-q2-update.win32_1.5.0.202011040924/tools/bin/../lib/gcc/arm-none-eabi/9.3.1/../../../../arm-none-eabi/lib/thumb/v7e-m+fp/hard/crt0.o (__libc_init_array)
c:/st/stm32cubeide_1.6.1/stm32cubeide/plugins/com.st.stm32cube.ide.mcu.externaltools.gnu-tools-for-stm32.9-2020-q2-update.win32_1.5.0.202011040924/tools/bin/../lib/gcc/arm-none-eabi/9.3.1/../../../../arm-none-eabi/lib/thumb/v7e-m+fp/hard\libc_nano.a(lib_a-itoa.o)
                              Src/APP_GUI.o (itoa)
c:/st/stm32cubeide_1.6.1/stm32cubeide/plugins/com.st.stm32cube.ide.mcu.externaltools.gnu-tools-for-stm32.9-2020-q2-update.win32_1.5.0.202011040924/tools/bin/../lib/gcc/arm-none-eabi/9.3.1/../../../../arm-none-eabi/lib/thumb/v7e-m+fp/hard\libc_nano.a(lib_a-memset.o)
                              c:/st/stm32cubeide_1.6.1/stm32cubeide/plugins/com.st.stm32cube.ide.mcu.externaltools.gnu-tools-for-stm32.9-2020-q2-update.win32_1.5.0.202011040924/tools/bin/../lib/gcc/arm-none-eabi/9.3.1/../../../../arm-none-eabi/lib/thumb/v7e-m+fp/hard/crt0.o (memset)
c:/st/stm32cubeide_1.6.1/stm32cubeide/plugins/com.st.stm32cube.ide.mcu.externaltools.gnu-tools-for-stm32.9-2020-q2-update.win32_1.5.0.202011040924/tools/bin/../lib/gcc/arm-none-eabi/9.3.1/../../../../arm-none-eabi/lib/thumb/v7e-m+fp/hard\libc_nano.a(lib_a-utoa.o)
                              c:/st/stm32cubeide_1.6.1/stm32cubeide/plugins/com.st.stm32cube.ide.mcu.externaltools.gnu-tools-for-stm32.9-2020-q2-update.win32_1.5.0.202011040924/tools/bin/../lib/gcc/arm-none-eabi/9.3.1/../../../../arm-none-eabi/lib/thumb/v7e-m+fp/hard\libc_nano.a(lib_a-itoa.o) (__utoa)
c:/st/stm32cubeide_1.6.1/stm32cubeide/plugins/com.st.stm32cube.ide.mcu.externaltools.gnu-tools-for-stm32.9-2020-q2-update.win32_1.5.0.202011040924/tools/bin/../lib/gcc/arm-none-eabi/9.3.1/thumb/v7e-m+fp/hard\libgcc.a(_aeabi_uldivmod.o)
                              Src/CLCD_program.o (__aeabi_uldivmod)
c:/st/stm32cubeide_1.6.1/stm32cubeide/plugins/com.st.stm32cube.ide.mcu.externaltools.gnu-tools-for-stm32.9-2020-q2-update.win32_1.5.0.202011040924/tools/bin/../lib/gcc/arm-none-eabi/9.3.1/thumb/v7e-m+fp/hard\libgcc.a(_udivmoddi4.o)
                              c:/st/stm32cubeide_1.6.1/stm32cubeide/plugins/com.st.stm32cube.ide.mcu.externaltools.gnu-tools-for-stm32.9-2020-q2-update.win32_1.5.0.202011040924/tools/bin/../lib/gcc/arm-none-eabi/9.3.1/thumb/v7e-m+fp/hard\libgcc.a(_aeabi_uldivmod.o) (__udivmoddi4)
c:/st/stm32cubeide_1.6.1/stm32cubeide/plugins/com.st.stm32cube.ide.mcu.externaltools.gnu-tools-for-stm32.9-2020-q2-update.win32_1.5.0.202011040924/tools/bin/../lib/gcc/arm-none-eabi/9.3.1/thumb/v7e-m+fp/hard\libgcc.a(_dvmd_tls.o)
                              c:/st/stm32cubeide_1.6.1/stm32cubeide/plugins/com.st.stm32cube.ide.mcu.externaltools.gnu-tools-for-stm32.9-2020-q2-update.win32_1.5.0.202011040924/tools/bin/../lib/gcc/arm-none-eabi/9.3.1/thumb/v7e-m+fp/hard\libgcc.a(_aeabi_uldivmod.o) (__aeabi_ldiv0)

Allocating common symbols
Common symbol       size              file

D                   0xa               Src/APP_GUI.o
[...]
Memory Configuration

Name             Origin             Length             Attributes
RAM              0x0000000020000000 0x0000000000010000 xrw
FLASH            0x0000000008000000 0x0000000000040000 xr
*default*        0x0000000000000000 0xffffffffffffffff

Linker script and memory map

LOAD c:/st/stm32cubeide_1.6.1/stm32cubeide/plugins/com.st.stm32cube.ide.mcu.externaltools.gnu-tools-for-stm32.9-2020-q2-update.win32_1.5.0.202011040924/tools/bin/../lib/gcc/arm-none-eabi/9.3.1/thumb/v7e-m+fp/hard/crti.o
LOAD c:/st/stm32cubeide_1.6.1/stm32cubeide/plugins/com.st.stm32cube.ide.mcu.externaltools.gnu-tools-for-stm32.9-2020-q2-update.win32_1.5.0.202011040924/tools/bin/../lib/gcc/arm-none-eabi/9.3.1/thumb/v7e-m+fp/hard/crtbegin.o
LOAD c:/st/stm32cubeide_1.6.1/stm32cubeide/plugins/com.st.stm32cube.ide.mcu.externaltools.gnu-tools-for-stm32.9-2020-q2-update.win32_1.5.0.202011040924/tools/bin/../lib/gcc/arm-none-eabi/9.3.1/../../../../arm-none-eabi/lib/thumb/v7e-m+fp/hard/crt0.o
LOAD Src/APP_GUI.o
LOAD Src/Buzzer_Program.o
LOAD Src/CLCD_program.o
LOAD Src/CORE_NVIC_Config.o
LOAD Src/CORE_NVIC_Program.o
LOAD Src/HCSR04_Config.o
LOAD Src/HCSR04_Program.o
LOAD Src/IR_Program.o
LOAD Src/MCAL_GPIO_Config.o
LOAD Src/MCAL_GPIO_Program.o
LOAD Src/MCAL_RCC_Config.o
LOAD Src/MCAL_RCC_Program.o
LOAD Src/MCAL_STK_Config.o
LOAD Src/MCAL_STK_Program.o
LOAD Src/MCAL_TIM_Config.o
LOAD Src/MCAL_TIM_Program.o
LOAD Src/MotorDriver_Program.o
LOAD Src/SInit_Program.o
LOAD Src/SModes_Program.o
LOAD Src/STM32F4xx_ISR.o
LOAD Src/Timer_Delay.o
LOAD Src/UART_Prog.o
LOAD Src/main.o
LOAD Src/syscalls.o
LOAD Src/sysmem.o
LOAD Startup/startup_stm32f401ccfx.o
START GROUP
LOAD c:/st/stm32cubeide_1.6.1/stm32cubeide/plugins/com.st.stm32cube.ide.mcu.externaltools.gnu-tools-for-stm32.9-2020-q2-update.win32_1.5.0.202011040924/tools/bin/../lib/gcc/arm-none-eabi/9.3.1/../../../../arm-none-eabi/lib/thumb/v7e-m+fp/hard\libc_nano.a
LOAD c:/st/stm32cubeide_1.6.1/stm32cubeide/plugins/com.st.stm32cube.ide.mcu.externaltools.gnu-tools-for-stm32.9-2020-q2-update.win32_1.5.0.202011040924/tools/bin/../lib/gcc/arm-none-eabi/9.3.1/../../../../arm-none-eabi/lib/thumb/v7e-m+fp/hard\libm.a
END GROUP
START GROUP
LOAD c:/st/stm32cubeide_1.6.1/stm32cubeide/plugins/com.st.stm32cube.ide.mcu.externaltools.gnu-tools-for-stm32.9-2020-q2-update.win32_1.5.0.202011040924/tools/bin/../lib/gcc/arm-none-eabi/9.3.1/thumb/v7e-m+fp/hard\libgcc.a
LOAD c:/st/stm32cubeide_1.6.1/stm32cubeide/plugins/com.st.stm32cube.ide.mcu.externaltools.gnu-tools-for-stm32.9-2020-q2-update.win32_1.5.0.202011040924/tools/bin/../lib/gcc/arm-none-eabi/9.3.1/../../../../arm-none-eabi/lib/thumb/v7e-m+fp/hard\libc_nano.a
END GROUP
START GROUP
LOAD c:/st/stm32cubeide_1.6.1/stm32cubeide/plugins/com.st.stm32cube.ide.mcu.externaltools.gnu-tools-for-stm32.9-2020-q2-update.win32_1.5.0.202011040924/tools/bin/../lib/gcc/arm-none-eabi/9.3.1/thumb/v7e-m+fp/hard\libgcc.a
LOAD c:/st/stm32cubeide_1.6.1/stm32cubeide/plugins/com.st.stm32cube.ide.mcu.externaltools.gnu-tools-for-stm32.9-2020-q2-update.win32_1.5.0.202011040924/tools/bin/../lib/gcc/arm-none-eabi/9.3.1/../../../../arm-none-eabi/lib/thumb/v7e-m+fp/hard\libc_nano.a
LOAD c:/st/stm32cubeide_1.6.1/stm32cubeide/plugins/com.st.stm32cube.ide.mcu.externaltools.gnu-tools-for-stm32.9-2020-q2-update.win32_1.5.0.202011040924/tools/bin/../lib/gcc/arm-none-eabi/9.3.1/../../../../arm-none-eabi/lib/thumb/v7e-m+fp/hard\libnosys.a
END GROUP
START GROUP
LOAD c:/st/stm32cubeide_1.6.1/stm32cubeide/plugins/com.st.stm32cube.ide.mcu.externaltools.gnu-tools-for-stm32.9-2020-q2-update.win32_1.5.0.202011040924/tools/bin/../lib/gcc/arm-none-eabi/9.3.1/thumb/v7e-m+fp/hard\libgcc.a
LOAD c:/st/stm32cubeide_1.6.1/stm32cubeide/plugins/com.st.stm32cube.ide.mcu.externaltools.gnu-tools-for-stm32.9-2020-q2-update.win32_1.5.0.202011040924/tools/bin/../lib/gcc/arm-none-eabi/9.3.1/../../../../arm-none-eabi/lib/thumb/v7e-m+fp/hard\libc_nano.a
LOAD c:/st/stm32cubeide_1.6.1/stm32cubeide/plugins/com.st.stm32cube.ide.mcu.externaltools.gnu-tools-for-stm32.9-2020-q2-update.win32_1.5.0.202011040924/tools/bin/../lib/gcc/arm-none-eabi/9.3.1/../../../../arm-none-eabi/lib/thumb/v7e-m+fp/hard\libnosys.a
END GROUP
LOAD c:/st/stm32cubeide_1.6.1/stm32cubeide/plugins/com.st.stm32cube.ide.mcu.externaltools.gnu-tools-for-stm32.9-2020-q2-update.win32_1.5.0.202011040924/tools/bin/../lib/gcc/arm-none-eabi/9.3.1/thumb/v7e-m+fp/hard/crtend.o
LOAD c:/st/stm32cubeide_1.6.1/stm32cubeide/plugins/com.st.stm32cube.ide.mcu.externaltools.gnu-tools-for-stm32.9-2020-q2-update.win32_1.5.0.202011040924/tools/bin/../lib/gcc/arm-none-eabi/9.3.1/thumb/v7e-m+fp/hard/crtn.o
                0x0000000020010000                _estack = (ORIGIN (RAM) + LENGTH (RAM))
                0x0000000000000200                _Min_Heap_Size = 0x200
                0x0000000000000400                _Min_Stack_Size = 0x400

.isr_vector     0x0000000008000000      0x194
                0x0000000008000000                . = ALIGN (0x4)
 *(.isr_vector)
 .isr_vector    0x0000000008000000      0x194 Startup/startup_stm32f401ccfx.o
                0x0000000008000000                g_pfnVectors
                0x0000000008000194                . = ALIGN (0x4)

.text           0x0000000008000194     0x25cc
                0x0000000008000194                . = ALIGN (0x4)
 *(.text)
 .text          0x0000000008000194       0x40 c:/st/stm32cubeide_1.6.1/stm32cubeide/plugins/com.st.stm32cube.ide.mcu.externaltools.gnu-tools-for-stm32.9-2020-q2-update.win32_1.5.0.202011040924/tools/bin/../lib/gcc/arm-none-eabi/9.3.1/thumb/v7e-m+fp/hard/crtbegin.o
 .text          0x00000000080001d4       0x30 c:/st/stm32cubeide_1.6.1/stm32cubeide/plugins/com.st.stm32cube.ide.mcu.externaltools.gnu-tools-for-stm32.9-2020-q2-update.win32_1.5.0.202011040924/tools/bin/../lib/gcc/arm-none-eabi/9.3.1/thumb/v7e-m+fp/hard\libgcc.a(_aeabi_uldivmod.o)
                0x00000000080001d4                __aeabi_uldivmod
 .text          0x0000000008000204      0x2c4 c:/st/stm32cubeide_1.6.1/stm32cubeide/plugins/com.st.stm32cube.ide.mcu.externaltools.gnu-tools-for-stm32.9-2020-q2-update.win32_1.5.0.202011040924/tools/bin/../lib/gcc/arm-none-eabi/9.3.1/thumb/v7e-m+fp/hard\libgcc.a(_udivmoddi4.o)
                0x0000000008000204                __udivmoddi4
 .text          0x00000000080004c8        0x4 c:/st/stm32cubeide_1.6.1/stm32cubeide/plugins/com.st.stm32cube.ide.mcu.externaltools.gnu-tools-for-stm32.9-2020-q2-update.win32_1.5.0.202011040924/tools/bin/../lib/gcc/arm-none-eabi/9.3.1/thumb/v7e-m+fp/hard\libgcc.a(_dvmd_tls.o)
                0x00000000080004c8                __aeabi_idiv0
                0x00000000080004c8                __aeabi_ldiv0
 *(.text*)
 .text.GUI_voidInit
                0x00000000080004cc       0x34 Src/APP_GUI.o
                0x00000000080004cc                GUI_voidInit
 .text.GUI_voidSendSpeedDistance
                0x0000000008000500       0xc4 Src/APP_GUI.o
                0x0000000008000500                GUI_voidSendSpeedDistance
 .text.Buzzer_Init
                0x00000000080005c4       0x18 Src/Buzzer_Program.o
                0x00000000080005c4                Buzzer_Init
 .text.Buzzer_ON
                0x00000000080005dc       0x18 Src/Buzzer_Program.o
                0x00000000080005dc                Buzzer_ON
 .text.Buzzer_Off
                0x00000000080005f4       0x18 Src/Buzzer_Program.o
                0x00000000080005f4                Buzzer_Off
 .text.CLCD_voidSendCommand
                0x000000000800060c       0xd8 Src/CLCD_program.o
                0x000000000800060c                CLCD_voidSendCommand
 .text.CLCD_voidSendData
                0x00000000080006e4       0xd8 Src/CLCD_program.o
                0x00000000080006e4                CLCD_voidSendData
 .text.CLCD_voidInit
                0x00000000080007bc       0x9c Src/CLCD_program.o
                0x00000000080007bc                CLCD_voidInit
 .text.CLCD_voidSendString
                0x0000000008000858       0x38 Src/CLCD_program.o
                0x0000000008000858                CLCD_voidSendString
 .text.CLCD_voidSendStringPosition
                0x0000000008000890       0x2a Src/CLCD_program.o
                0x0000000008000890                CLCD_voidSendStringPosition
 .text.CLCD_voidGoToXY
                0x00000000080008ba       0x3c Src/CLCD_program.o
                0x00000000080008ba                CLCD_voidGoToXY
 .text.CLCD_voidPrintINTNumber
                0x00000000080008f6       0xa0 Src/CLCD_program.o
                0x00000000080008f6                CLCD_voidPrintINTNumber
 *fill*         0x0000000008000996        0x2 
 .text.CLCD_voidSendPuls
                0x0000000008000998       0x2c Src/CLCD_program.o
                0x0000000008000998                CLCD_voidSendPuls
 .text.COR_NVIC_vEnableInterrupt
                0x00000000080009c4       0x4c Src/CORE_NVIC_Program.o
                0x00000000080009c4                COR_NVIC_vEnableInterrupt
 .text.COR_NVIC_vSetPriority
                0x0000000008000a10       0x5c Src/CORE_NVIC_Program.o
                0x0000000008000a10                COR_NVIC_vSetPriority
 .text.HAL_HCSR04_vInit
                0x0000000008000a6c      0x108 Src/HCSR04_Program.o
                0x0000000008000a6c                HAL_HCSR04_vInit
 .text.HAL_HCSR04_TMR_OVF_ISR
                0x0000000008000b74       0x58 Src/HCSR04_Program.o
                0x0000000008000b74                HAL_HCSR04_TMR_OVF_ISR
 .text.HAL_HCSR04_TMR_IC_ISR
                0x0000000008000bcc      0x138 Src/HCSR04_Program.o
                0x0000000008000bcc                HAL_HCSR04_TMR_IC_ISR
 .text.HAL_HCSR04_f32Read
                0x0000000008000d04       0x78 Src/HCSR04_Program.o
                0x0000000008000d04                HAL_HCSR04_f32Read
 .text.IR_Init  0x0000000008000d7c       0x24 Src/IR_Program.o
                0x0000000008000d7c                IR_Init
 .text.IR_u8Read_RightIR
                0x0000000008000da0       0x18 Src/IR_Program.o
                0x0000000008000da0                IR_u8Read_RightIR
 .text.IR_u8Read_LeftIR
                0x0000000008000db8       0x18 Src/IR_Program.o
                0x0000000008000db8                IR_u8Read_LeftIR
 .text.MCL_GPIO_vSetPinMode
                0x0000000008000dd0      0x120 Src/MCAL_GPIO_Program.o
                0x0000000008000dd0                MCL_GPIO_vSetPinMode
 .text.GPIO_voidSetPinMode
                0x0000000008000ef0       0x88 Src/MCAL_GPIO_Program.o
                0x0000000008000ef0                GPIO_voidSetPinMode
 .text.GPIO_voidSetPinALTF
                0x0000000008000f78       0xf4 Src/MCAL_GPIO_Program.o
                0x0000000008000f78                GPIO_voidSetPinALTF
 .text.MCL_GPIO_vSetPinCfg
                0x000000000800106c      0x146 Src/MCAL_GPIO_Program.o
                0x000000000800106c                MCL_GPIO_vSetPinCfg
 .text.MCL_GPIO_vSetPinAltFunc
                0x00000000080011b2       0x50 Src/MCAL_GPIO_Program.o
                0x00000000080011b2                MCL_GPIO_vSetPinAltFunc
 .text.MCL_GPIO_vAtomicSetPin
                0x0000000008001202       0x74 Src/MCAL_GPIO_Program.o
                0x0000000008001202                MCL_GPIO_vAtomicSetPin
 .text.MCL_GPIO_u8GetPinVal
                0x0000000008001276       0x2a Src/MCAL_GPIO_Program.o
                0x0000000008001276                MCL_GPIO_u8GetPinVal
 .text.GPIO_xSelectPortIndex
                0x00000000080012a0       0x2a Src/MCAL_GPIO_Program.o
                0x00000000080012a0                GPIO_xSelectPortIndex
 *fill*         0x00000000080012ca        0x2 
 .text.MCL_RCC_vInitSysClk
                0x00000000080012cc       0xa4 Src/MCAL_RCC_Program.o
                0x00000000080012cc                MCL_RCC_vInitSysClk
 .text.MCL_RCC_vEnablePeriphClk
                0x0000000008001370       0x98 Src/MCAL_RCC_Program.o
                0x0000000008001370                MCL_RCC_vEnablePeriphClk
 .text.MCL_STK_vInit
                0x0000000008001408       0x5c Src/MCAL_STK_Program.o
                0x0000000008001408                MCL_STK_vInit
 .text.MCL_STK_vDelay_us
                0x0000000008001464       0xc4 Src/MCAL_STK_Program.o
                0x0000000008001464                MCL_STK_vDelay_us
 .text.MCL_STK_vDelay_ms
                0x0000000008001528       0xc8 Src/MCAL_STK_Program.o
                0x0000000008001528                MCL_STK_vDelay_ms
 .text.TIM_vInit
                0x00000000080015f0      0x154 Src/MCAL_TIM_Program.o
                0x00000000080015f0                TIM_vInit
 .text.TIM_IC_vInit
                0x0000000008001744      0x158 Src/MCAL_TIM_Program.o
                0x0000000008001744                TIM_IC_vInit
 .text.TIM_PWM_vInit
                0x000000000800189c      0x1b0 Src/MCAL_TIM_Program.o
                0x000000000800189c                TIM_PWM_vInit
 .text.TIM_PWM_SetDutyCycle
                0x0000000008001a4c       0x80 Src/MCAL_TIM_Program.o
                0x0000000008001a4c                TIM_PWM_SetDutyCycle
 .text.TIM_xCheckINTSrc
                0x0000000008001acc       0x2c Src/MCAL_TIM_Program.o
                0x0000000008001acc                TIM_xCheckINTSrc
 .text.TIM_vClearFlag
                0x0000000008001af8       0x2c Src/MCAL_TIM_Program.o
                0x0000000008001af8                TIM_vClearFlag
 .text.TIM_xCheckINTFlag
                0x0000000008001b24       0x2c Src/MCAL_TIM_Program.o
                0x0000000008001b24                TIM_xCheckINTFlag
 .text.TIM_vStart
                0x0000000008001b50       0xf6 Src/MCAL_TIM_Program.o
                0x0000000008001b50                TIM_vStart
 *fill*         0x0000000008001c46        0x2 
 .text.TIM_u32ReadCapturedVal
                0x0000000008001c48       0x68 Src/MCAL_TIM_Program.o
                0x0000000008001c48                TIM_u32ReadCapturedVal
 .text.TIM_vSetCompareVal
                0x0000000008001cb0       0x64 Src/MCAL_TIM_Program.o
                0x0000000008001cb0                TIM_vSetCompareVal
 .text.TIM_vSetClkPolarity
                0x0000000008001d14       0x92 Src/MCAL_TIM_Program.o
                0x0000000008001d14                TIM_vSetClkPolarity
 *fill*         0x0000000008001da6        0x2 
 .text.TIM_vInitCounter
                0x0000000008001da8       0xdc Src/MCAL_TIM_Program.o
                0x0000000008001da8                TIM_vInitCounter
 .text.MotorDriver_voidInit
                0x0000000008001e84       0x58 Src/MotorDriver_Program.o
                0x0000000008001e84                MotorDriver_voidInit
 .text.MotorDriver_voidControlSpeed
                0x0000000008001edc       0x30 Src/MotorDriver_Program.o
                0x0000000008001edc                MotorDriver_voidControlSpeed
 .text.MotorDriver_voidMoveForward
                0x0000000008001f0c       0x34 Src/MotorDriver_Program.o
                0x0000000008001f0c                MotorDriver_voidMoveForward
 .text.MotorDriver_voidMoveRight
                0x0000000008001f40       0x34 Src/MotorDriver_Program.o
                0x0000000008001f40                MotorDriver_voidMoveRight
 .text.MotorDriver_voidMoveLeft
                0x0000000008001f74       0x34 Src/MotorDriver_Program.o
                0x0000000008001f74                MotorDriver_voidMoveLeft
 .text.SInit_VoidINIT
                0x0000000008001fa8       0x54 Src/SInit_Program.o
                0x0000000008001fa8                SInit_VoidINIT
 .text.SModes_UDIdleMode
                0x0000000008001ffc      0x11c Src/SModes_Program.o
                0x0000000008001ffc                SModes_UDIdleMode
 .text.SModes_UDMovingHighSpeed_Mode
                0x0000000008002118      0x164 Src/SModes_Program.o
                0x0000000008002118                SModes_UDMovingHighSpeed_Mode
 .text.SModes_UDMovingLowSpeed_Mode
                0x000000000800227c      0x18c Src/SModes_Program.o
                0x000000000800227c                SModes_UDMovingLowSpeed_Mode
 .text.NMI_Handler
                0x0000000008002408        0xe Src/STM32F4xx_ISR.o
                0x0000000008002408                NMI_Handler
 .text.HardFault_Handler
                0x0000000008002416        0xe Src/STM32F4xx_ISR.o
                0x0000000008002416                HardFault_Handler
 .text.MemManage_Handler
                0x0000000008002424        0xe Src/STM32F4xx_ISR.o
                0x0000000008002424                MemManage_Handler
 .text.BusFault_Handler
                0x0000000008002432        0xe Src/STM32F4xx_ISR.o
                0x0000000008002432                BusFault_Handler
 .text.UsageFault_Handler
                0x0000000008002440        0xe Src/STM32F4xx_ISR.o
                0x0000000008002440                UsageFault_Handler
 .text.DebugMon_Handler
                0x000000000800244e        0xe Src/STM32F4xx_ISR.o
                0x000000000800244e                DebugMon_Handler
 .text.TIM2_IRQHandler
                0x000000000800245c       0x60 Src/STM32F4xx_ISR.o
                0x000000000800245c                TIM2_IRQHandler
 .text.TimerDelay_Init
                0x00000000080024bc       0x48 Src/Timer_Delay.o
                0x00000000080024bc                TimerDelay_Init
 .text.UART_voidInit
                0x0000000008002504       0x4c Src/UART_Prog.o
                0x0000000008002504                UART_voidInit
 .text.UART_voidTransmit
                0x0000000008002550       0x50 Src/UART_Prog.o
                0x0000000008002550                UART_voidTransmit
 .text.main     0x00000000080025a0       0x42 Src/main.o
                0x00000000080025a0                main
 *fill*         0x00000000080025e2        0x2 
 .text.Reset_Handler
                0x00000000080025e4       0x50 Startup/startup_stm32f401ccfx.o
                0x00000000080025e4                Reset_Handler
 .text.Default_Handler
                0x0000000008002634        0x2 Startup/startup_stm32f401ccfx.o
                0x0000000008002634                RTC_Alarm_IRQHandler
                0x0000000008002634                EXTI2_IRQHandler
                0x0000000008002634                SPI4_IRQHandler
                0x0000000008002634                TIM1_CC_IRQHandler
                0x0000000008002634                SysTick_Handler
                0x0000000008002634                PVD_IRQHandler
                0x0000000008002634                SDIO_IRQHandler
                0x0000000008002634                TAMP_STAMP_IRQHandler
                0x0000000008002634                PendSV_Handler
                0x0000000008002634                EXTI3_IRQHandler
                0x0000000008002634                TIM1_UP_TIM10_IRQHandler
                0x0000000008002634                I2C3_ER_IRQHandler
                0x0000000008002634                EXTI0_IRQHandler
                0x0000000008002634                I2C2_EV_IRQHandler
                0x0000000008002634                FPU_IRQHandler
                0x0000000008002634                SPI1_IRQHandler
                0x0000000008002634                TIM1_BRK_TIM9_IRQHandler
                0x0000000008002634                I2C1_EV_IRQHandler
                0x0000000008002634                TIM3_IRQHandler
                0x0000000008002634                RCC_IRQHandler
                0x0000000008002634                Default_Handler
                0x0000000008002634                EXTI15_10_IRQHandler
                0x0000000008002634                ADC_IRQHandler
                0x0000000008002634                I2C3_EV_IRQHandler
                0x0000000008002634                EXTI9_5_IRQHandler
                0x0000000008002634                RTC_WKUP_IRQHandler
                0x0000000008002634                SPI2_IRQHandler
                0x0000000008002634                SVC_Handler
                0x0000000008002634                EXTI4_IRQHandler
                0x0000000008002634                OTG_FS_WKUP_IRQHandler
                0x0000000008002634                TIM1_TRG_COM_TIM11_IRQHandler
                0x0000000008002634                EXTI1_IRQHandler
                0x0000000008002634                I2C2_ER_IRQHandler
                0x0000000008002634                FLASH_IRQHandler
                0x0000000008002634                OTG_FS_IRQHandler
                0x0000000008002634                SPI3_IRQHandler
                0x0000000008002634                I2C1_ER_IRQHandler
 *fill*         0x0000000008002636        0x2 
 .text.__libc_init_array
                0x0000000008002638       0x48 c:/st/stm32cubeide_1.6.1/stm32cubeide/plugins/com.st.stm32cube.ide.mcu.externaltools.gnu-tools-for-stm32.9-2020-q2-update.win32_1.5.0.202011040924/tools/bin/../lib/gcc/arm-none-eabi/9.3.1/../../../../arm-none-eabi/lib/thumb/v7e-m+fp/hard\libc_nano.a(lib_a-init.o)
                0x0000000008002638                __libc_init_array
 .text.__itoa   0x0000000008002680       0x30 c:/st/stm32cubeide_1.6.1/stm32cubeide/plugins/com.st.stm32cube.ide.mcu.externaltools.gnu-tools-for-stm32.9-2020-q2-update.win32_1.5.0.202011040924/tools/bin/../lib/gcc/arm-none-eabi/9.3.1/../../../../arm-none-eabi/lib/thumb/v7e-m+fp/hard\libc_nano.a(lib_a-itoa.o)
                0x0000000008002680                __itoa
 .text.itoa     0x00000000080026b0        0x4 c:/st/stm32cubeide_1.6.1/stm32cubeide/plugins/com.st.stm32cube.ide.mcu.externaltools.gnu-tools-for-stm32.9-2020-q2-update.win32_1.5.0.202011040924/tools/bin/../lib/gcc/arm-none-eabi/9.3.1/../../../../arm-none-eabi/lib/thumb/v7e-m+fp/hard\libc_nano.a(lib_a-itoa.o)
                0x00000000080026b0                itoa
 .text.memset   0x00000000080026b4       0x10 c:/st/stm32cubeide_1.6.1/stm32cubeide/plugins/com.st.stm32cube.ide.mcu.externaltools.gnu-tools-for-stm32.9-2020-q2-update.win32_1.5.0.202011040924/tools/bin/../lib/gcc/arm-none-eabi/9.3.1/../../../../arm-none-eabi/lib/thumb/v7e-m+fp/hard\libc_nano.a(lib_a-memset.o)
                0x00000000080026b4                memset
 .text.__utoa   0x00000000080026c4       0x84 c:/st/stm32cubeide_1.6.1/stm32cubeide/plugins/com.st.stm32cube.ide.mcu.externaltools.gnu-tools-for-stm32.9-2020-q2-update.win32_1.5.0.202011040924/tools/bin/../lib/gcc/arm-none-eabi/9.3.1/../../../../arm-none-eabi/lib/thumb/v7e-m+fp/hard\libc_nano.a(lib_a-utoa.o)
                0x00000000080026c4                __utoa
 *(.glue_7)
 .glue_7        0x0000000008002748        0x0 linker stubs
 *(.glue_7t)
 .glue_7t       0x0000000008002748        0x0 linker stubs
 *(.eh_frame)
 .eh_frame      0x0000000008002748        0x0 c:/st/stm32cubeide_1.6.1/stm32cubeide/plugins/com.st.stm32cube.ide.mcu.externaltools.gnu-tools-for-stm32.9-2020-q2-update.win32_1.5.0.202011040924/tools/bin/../lib/gcc/arm-none-eabi/9.3.1/thumb/v7e-m+fp/hard/crtbegin.o
 *(.init)
 .init          0x0000000008002748        0x4 c:/st/stm32cubeide_1.6.1/stm32cubeide/plugins/com.st.stm32cube.ide.mcu.externaltools.gnu-tools-for-stm32.9-2020-q2-update.win32_1.5.0.202011040924/tools/bin/../lib/gcc/arm-none-eabi/9.3.1/thumb/v7e-m+fp/hard/crti.o
                0x0000000008002748                _init
 .init          0x000000000800274c        0x8 c:/st/stm32cubeide_1.6.1/stm32cubeide/plugins/com.st.stm32cube.ide.mcu.externaltools.gnu-tools-for-stm32.9-2020-q2-update.win32_1.5.0.202011040924/tools/bin/../lib/gcc/arm-none-eabi/9.3.1/thumb/v7e-m+fp/hard/crtn.o
 *(.fini)
 .fini          0x0000000008002754        0x4 c:/st/stm32cubeide_1.6.1/stm32cubeide/plugins/com.st.stm32cube.ide.mcu.externaltools.gnu-tools-for-stm32.9-2020-q2-update.win32_1.5.0.202011040924/tools/bin/../lib/gcc/arm-none-eabi/9.3.1/thumb/v7e-m+fp/hard/crti.o
                0x0000000008002754                _fini
 .fini          0x0000000008002758        0x8 c:/st/stm32cubeide_1.6.1/stm32cubeide/plugins/com.st.stm32cube.ide.mcu.externaltools.gnu-tools-for-stm32.9-2020-q2-update.win32_1.5.0.202011040924/tools/bin/../lib/gcc/arm-none-eabi/9.3.1/thumb/v7e-m+fp/hard/crtn.o
                0x0000000008002760                . = ALIGN (0x4)
                0x0000000008002760                _etext = .

.vfp11_veneer   0x0000000008002760        0x0
 .vfp11_veneer  0x0000000008002760        0x0 linker stubs

.v4_bx          0x0000000008002760        0x0
 .v4_bx         0x0000000008002760        0x0 linker stubs

.iplt           0x0000000008002760        0x0
 .iplt          0x0000000008002760        0x0 c:/st/stm32cubeide_1.6.1/stm32cubeide/plugins/com.st.stm32cube.ide.mcu.externaltools.gnu-tools-for-stm32.9-2020-q2-update.win32_1.5.0.202011040924/tools/bin/../lib/gcc/arm-none-eabi/9.3.1/thumb/v7e-m+fp/hard/crtbegin.o

.rodata         0x0000000008002760       0x7c
                0x0000000008002760                . = ALIGN (0x4)
 *(.rodata)
 .rodata        0x0000000008002760       0x56 Src/SModes_Program.o
 *(.rodata*)
 .rodata.__utoa.str1.1
                0x00000000080027b6       0x25 c:/st/stm32cubeide_1.6.1/stm32cubeide/plugins/com.st.stm32cube.ide.mcu.externaltools.gnu-tools-for-stm32.9-2020-q2-update.win32_1.5.0.202011040924/tools/bin/../lib/gcc/arm-none-eabi/9.3.1/../../../../arm-none-eabi/lib/thumb/v7e-m+fp/hard\libc_nano.a(lib_a-utoa.o)
                0x00000000080027dc                . = ALIGN (0x4)
 *fill*         0x00000000080027db        0x1 

.ARM.extab      0x00000000080027dc        0x0
                0x00000000080027dc                . = ALIGN (0x4)
 *(.ARM.extab* .gnu.linkonce.armextab.*)
                0x00000000080027dc                . = ALIGN (0x4)

.ARM            0x00000000080027dc        0x8
                0x00000000080027dc                . = ALIGN (0x4)
                0x00000000080027dc                __exidx_start = .
 *(.ARM.exidx*)
 .ARM.exidx     0x00000000080027dc        0x8 c:/st/stm32cubeide_1.6.1/stm32cubeide/plugins/com.st.stm32cube.ide.mcu.externaltools.gnu-tools-for-stm32.9-2020-q2-update.win32_1.5.0.202011040924/tools/bin/../lib/gcc/arm-none-eabi/9.3.1/thumb/v7e-m+fp/hard\libgcc.a(_udivmoddi4.o)
                0x00000000080027e4                __exidx_end = .
                0x00000000080027e4                . = ALIGN (0x4)

.rel.dyn        0x00000000080027e4        0x0
 .rel.iplt      0x00000000080027e4        0x0 c:/st/stm32cubeide_1.6.1/stm32cubeide/plugins/com.st.stm32cube.ide.mcu.externaltools.gnu-tools-for-stm32.9-2020-q2-update.win32_1.5.0.202011040924/tools/bin/../lib/gcc/arm-none-eabi/9.3.1/thumb/v7e-m+fp/hard/crtbegin.o

.preinit_array  0x00000000080027e4        0x0
                0x00000000080027e4                . = ALIGN (0x4)
                0x00000000080027e4                PROVIDE (__preinit_array_start = .)
 *(.preinit_array*)
                0x00000000080027e4                PROVIDE (__preinit_array_end = .)
                0x00000000080027e4                . = ALIGN (0x4)

.init_array     0x00000000080027e4        0x4
                0x00000000080027e4                . = ALIGN (0x4)
                0x00000000080027e4                PROVIDE (__init_array_start = .)
 *(SORT_BY_NAME(.init_array.*))
 *(.init_array*)
 .init_array    0x00000000080027e4        0x4 c:/st/stm32cubeide_1.6.1/stm32cubeide/plugins/com.st.stm32cube.ide.mcu.externaltools.gnu-tools-for-stm32.9-2020-q2-update.win32_1.5.0.202011040924/tools/bin/../lib/gcc/arm-none-eabi/9.3.1/thumb/v7e-m+fp/hard/crtbegin.o
                0x00000000080027e8                PROVIDE (__init_array_end = .)
                0x00000000080027e8                . = ALIGN (0x4)

.fini_array     0x00000000080027e8        0x4
                0x00000000080027e8                . = ALIGN (0x4)
                [!provide]                        PROVIDE (__fini_array_start = .)
 *(SORT_BY_NAME(.fini_array.*))
 *(.fini_array*)
 .fini_array    0x00000000080027e8        0x4 c:/st/stm32cubeide_1.6.1/stm32cubeide/plugins/com.st.stm32cube.ide.mcu.externaltools.gnu-tools-for-stm32.9-2020-q2-update.win32_1.5.0.202011040924/tools/bin/../lib/gcc/arm-none-eabi/9.3.1/thumb/v7e-m+fp/hard/crtbegin.o
                [!provide]                        PROVIDE (__fini_array_end = .)
                0x00000000080027ec                . = ALIGN (0x4)
                0x00000000080027ec                _sidata = LOADADDR (.data)

.data           0x0000000020000000       0x9c load address 0x00000000080027ec
                0x0000000020000000                . = ALIGN (0x4)
                0x0000000020000000                _sdata = .
 *(.data)
 *(.data*)
 .data.HCSR04_CfgParam
                0x0000000020000000       0x34 Src/HCSR04_Config.o
                0x0000000020000000                HCSR04_CfgParam
 .data.US_htim2
                0x0000000020000034       0x18 Src/HCSR04_Config.o
                0x0000000020000034                US_htim2
 .data.RCC_G_Config
                0x000000002000004c        0xc Src/MCAL_RCC_Config.o
                0x000000002000004c                RCC_G_Config
 .data.TIM_IC_Config
                0x0000000020000058       0x14 Src/MCAL_TIM_Config.o
                0x0000000020000058                TIM_IC_Config
 .data.PWM_htim31
                0x000000002000006c       0x18 Src/MotorDriver_Program.o
                0x000000002000006c                PWM_htim31
 .data.PWM_htim32
                0x0000000020000084       0x18 Src/MotorDriver_Program.o
                0x0000000020000084                PWM_htim32
 *(.RamFunc)
 *(.RamFunc*)
                0x000000002000009c                . = ALIGN (0x4)
                0x000000002000009c                _edata = .

.igot.plt       0x000000002000009c        0x0 load address 0x0000000008002888
 .igot.plt      0x000000002000009c        0x0 c:/st/stm32cubeide_1.6.1/stm32cubeide/plugins/com.st.stm32cube.ide.mcu.externaltools.gnu-tools-for-stm32.9-2020-q2-update.win32_1.5.0.202011040924/tools/bin/../lib/gcc/arm-none-eabi/9.3.1/thumb/v7e-m+fp/hard/crtbegin.o
                0x000000002000009c                . = ALIGN (0x4)

.bss            0x000000002000009c       0x88 load address 0x0000000008002888
                0x000000002000009c                _sbss = .
                0x000000002000009c                __bss_start__ = _sbss
 *(.bss)
 .bss           0x000000002000009c       0x1c c:/st/stm32cubeide_1.6.1/stm32cubeide/plugins/com.st.stm32cube.ide.mcu.externaltools.gnu-tools-for-stm32.9-2020-q2-update.win32_1.5.0.202011040924/tools/bin/../lib/gcc/arm-none-eabi/9.3.1/thumb/v7e-m+fp/hard/crtbegin.o
 *(.bss*)
 .bss.HCSR04_Distance
                0x00000000200000b8        0x2 Src/HCSR04_Program.o
 .bss.t1        0x00000000200000ba        0x2 Src/HCSR04_Program.o
 .bss.t2        0x00000000200000bc        0x2 Src/HCSR04_Program.o
 *fill*         0x00000000200000be        0x2 
 .bss.HCSR04_OverFlow_Count
                0x00000000200000c0        0x4 Src/HCSR04_Program.o
                0x00000000200000c0                HCSR04_OverFlow_Count
 .bss.edge_state.6777
                0x00000000200000c4        0x1 Src/HCSR04_Program.o
 *fill*         0x00000000200000c5        0x3 
 .bss.STK_G_Config
                0x00000000200000c8        0x8 Src/MCAL_STK_Config.o
                0x00000000200000c8                STK_G_Config
 .bss.Global_STKCallBackPtr
                0x00000000200000d0        0x4 Src/MCAL_STK_Program.o
                0x00000000200000d0                Global_STKCallBackPtr
 .bss.Current_State
                0x00000000200000d4        0x1 Src/SModes_Program.o
                0x00000000200000d4                Current_State
 *fill*         0x00000000200000d5        0x3 
 .bss.Global_u8Speed
                0x00000000200000d8        0x4 Src/SModes_Program.o
                0x00000000200000d8                Global_u8Speed
 *(COMMON)
 COMMON         0x00000000200000dc       0x2e Src/APP_GUI.o
                0x00000000200000dc                D
                0x00000000200000e8                S
                0x00000000200000f4                array
 *fill*         0x000000002000010a        0x2 
 COMMON         0x000000002000010c       0x18 Src/Timer_Delay.o
                0x000000002000010c                HTIMx
                0x0000000020000124                . = ALIGN (0x4)
                0x0000000020000124                _ebss = .
                0x0000000020000124                __bss_end__ = _ebss

._user_heap_stack
                0x0000000020000124      0x604 load address 0x0000000008002888
                0x0000000020000128                . = ALIGN (0x8)
 *fill*         0x0000000020000124        0x4 
                [!provide]                        PROVIDE (end = .)
                0x0000000020000128                PROVIDE (_end = .)
                0x0000000020000328                . = (. + _Min_Heap_Size)
 *fill*         0x0000000020000128      0x200 
                0x0000000020000728                . = (. + _Min_Stack_Size)
 *fill*         0x0000000020000328      0x400 
                0x0000000020000728                . = ALIGN (0x8)

/DISCARD/
 libc.a(*)
 libm.a(*)
 libgcc.a(*)

.ARM.attributes
                0x0000000000000000       0x30
 *(.ARM.attributes)
 .ARM.attributes
                0x0000000000000000       0x1e c:/st/stm32cubeide_1.6.1/stm32cubeide/plugins/com.st.stm32cube.ide.mcu.externaltools.gnu-tools-for-stm32.9-2020-q2-update.win32_1.5.0.202011040924/tools/bin/../lib/gcc/arm-none-eabi/9.3.1/thumb/v7e-m+fp/hard/crti.o
 .ARM.attributes
                0x000000000000001e       0x34 c:/st/stm32cubeide_1.6.1/stm32cubeide/plugins/com.st.stm32cube.ide.mcu.externaltools.gnu-tools-for-stm32.9-2020-q2-update.win32_1.5.0.202011040924/tools/bin/../lib/gcc/arm-none-eabi/9.3.1/thumb/v7e-m+fp/hard/crtbegin.o
 .ARM.attributes
                0x0000000000000052       0x34 Src/APP_GUI.o
 .ARM.attributes
                0x0000000000000086       0x34 Src/Buzzer_Program.o
 .ARM.attributes
                0x00000000000000ba       0x34 Src/CLCD_program.o
 .ARM.attributes
                0x00000000000000ee       0x34 Src/CORE_NVIC_Program.o
 .ARM.attributes
                0x0000000000000122       0x39 Src/HCSR04_Config.o
 .ARM.attributes
                0x000000000000015b       0x34 Src/HCSR04_Program.o
 .ARM.attributes
                0x000000000000018f       0x34 Src/IR_Program.o
 .ARM.attributes
                0x00000000000001c3       0x34 Src/MCAL_GPIO_Program.o
 .ARM.attributes
                0x00000000000001f7       0x39 Src/MCAL_RCC_Config.o
 .ARM.attributes
                0x0000000000000230       0x34 Src/MCAL_RCC_Program.o
 .ARM.attributes
                0x0000000000000264       0x39 Src/MCAL_STK_Config.o
 .ARM.attributes
                0x000000000000029d       0x34 Src/MCAL_STK_Program.o
 .ARM.attributes
                0x00000000000002d1       0x39 Src/MCAL_TIM_Config.o
 .ARM.attributes
                0x000000000000030a       0x34 Src/MCAL_TIM_Program.o
 .ARM.attributes
                0x000000000000033e       0x34 Src/MotorDriver_Program.o
 .ARM.attributes
                0x0000000000000372       0x34 Src/SInit_Program.o
 .ARM.attributes
                0x00000000000003a6       0x34 Src/SModes_Program.o
 .ARM.attributes
                0x00000000000003da       0x34 Src/STM32F4xx_ISR.o
 .ARM.attributes
                0x000000000000040e       0x34 Src/Timer_Delay.o
 .ARM.attributes
                0x0000000000000442       0x34 Src/UART_Prog.o
 .ARM.attributes
                0x0000000000000476       0x34 Src/main.o
 .ARM.attributes
                0x00000000000004aa       0x21 Startup/startup_stm32f401ccfx.o
 .ARM.attributes
                0x00000000000004cb       0x34 c:/st/stm32cubeide_1.6.1/stm32cubeide/plugins/com.st.stm32cube.ide.mcu.externaltools.gnu-tools-for-stm32.9-2020-q2-update.win32_1.5.0.202011040924/tools/bin/../lib/gcc/arm-none-eabi/9.3.1/../../../../arm-none-eabi/lib/thumb/v7e-m+fp/hard\libc_nano.a(lib_a-init.o)
 .ARM.attributes
                0x00000000000004ff       0x34 c:/st/stm32cubeide_1.6.1/stm32cubeide/plugins/com.st.stm32cube.ide.mcu.externaltools.gnu-tools-for-stm32.9-2020-q2-update.win32_1.5.0.202011040924/tools/bin/../lib/gcc/arm-none-eabi/9.3.1/../../../../arm-none-eabi/lib/thumb/v7e-m+fp/hard\libc_nano.a(lib_a-itoa.o)
 .ARM.attributes
                0x0000000000000533       0x34 c:/st/stm32cubeide_1.6.1/stm32cubeide/plugins/com.st.stm32cube.ide.mcu.externaltools.gnu-tools-for-stm32.9-2020-q2-update.win32_1.5.0.202011040924/tools/bin/../lib/gcc/arm-none-eabi/9.3.1/../../../../arm-none-eabi/lib/thumb/v7e-m+fp/hard\libc_nano.a(lib_a-memset.o)
 .ARM.attributes
                0x0000000000000567       0x34 c:/st/stm32cubeide_1.6.1/stm32cubeide/plugins/com.st.stm32cube.ide.mcu.externaltools.gnu-tools-for-stm32.9-2020-q2-update.win32_1.5.0.202011040924/tools/bin/../lib/gcc/arm-none-eabi/9.3.1/../../../../arm-none-eabi/lib/thumb/v7e-m+fp/hard\libc_nano.a(lib_a-utoa.o)
 .ARM.attributes
                0x000000000000059b       0x1e c:/st/stm32cubeide_1.6.1/stm32cubeide/plugins/com.st.stm32cube.ide.mcu.externaltools.gnu-tools-for-stm32.9-2020-q2-update.win32_1.5.0.202011040924/tools/bin/../lib/gcc/arm-none-eabi/9.3.1/thumb/v7e-m+fp/hard\libgcc.a(_aeabi_uldivmod.o)
 .ARM.attributes
                0x00000000000005b9       0x34 c:/st/stm32cubeide_1.6.1/stm32cubeide/plugins/com.st.stm32cube.ide.mcu.externaltools.gnu-tools-for-stm32.9-2020-q2-update.win32_1.5.0.202011040924/tools/bin/../lib/gcc/arm-none-eabi/9.3.1/thumb/v7e-m+fp/hard\libgcc.a(_udivmoddi4.o)
 .ARM.attributes
                0x00000000000005ed       0x1e c:/st/stm32cubeide_1.6.1/stm32cubeide/plugins/com.st.stm32cube.ide.mcu.externaltools.gnu-tools-for-stm32.9-2020-q2-update.win32_1.5.0.202011040924/tools/bin/../lib/gcc/arm-none-eabi/9.3.1/thumb/v7e-m+fp/hard\libgcc.a(_dvmd_tls.o)
 .ARM.attributes
                0x000000000000060b       0x1e c:/st/stm32cubeide_1.6.1/stm32cubeide/plugins/com.st.stm32cube.ide.mcu.externaltools.gnu-tools-for-stm32.9-2020-q2-update.win32_1.5.0.202011040924/tools/bin/../lib/gcc/arm-none-eabi/9.3.1/thumb/v7e-m+fp/hard/crtn.o
OUTPUT(Final.elf elf32-littlearm)
LOAD linker stubs
LOAD c:/st/stm32cubeide_1.6.1/stm32cubeide/plugins/com.st.stm32cube.ide.mcu.externaltools.gnu-tools-for-stm32.9-2020-q2-update.win32_1.5.0.202011040924/tools/bin/../lib/gcc/arm-none-eabi/9.3.1/../../../../arm-none-eabi/lib/thumb/v7e-m+fp/hard\libc.a
LOAD c:/st/stm32cubeide_1.6.1/stm32cubeide/plugins/com.st.stm32cube.ide.mcu.externaltools.gnu-tools-for-stm32.9-2020-q2-update.win32_1.5.0.202011040924/tools/bin/../lib/gcc/arm-none-eabi/9.3.1/../../../../arm-none-eabi/lib/thumb/v7e-m+fp/hard\libm.a
LOAD c:/st/stm32cubeide_1.6.1/stm32cubeide/plugins/com.st.stm32cube.ide.mcu.externaltools.gnu-tools-for-stm32.9-2020-q2-update.win32_1.5.0.202011040924/tools/bin/../lib/gcc/arm-none-eabi/9.3.1/thumb/v7e-m+fp/hard\libgcc.a

.debug_info     0x0000000000000000    0x147f1
 .debug_info    0x0000000000000000      0xcd6 Src/APP_GUI.o
 .debug_info    0x0000000000000cd6      0xbeb Src/Buzzer_Program.o
 .debug_info    0x00000000000018c1      0xfb6 Src/CLCD_program.o
 .debug_info    0x0000000000002877     0x109e Src/CORE_NVIC_Program.o
 .debug_info    0x0000000000003915     0x105e Src/HCSR04_Config.o
 .debug_info    0x0000000000004973     0x13d6 Src/HCSR04_Program.o
 .debug_info    0x0000000000005d49      0xffb Src/IR_Program.o
 .debug_info    0x0000000000006d44     0x1277 Src/MCAL_GPIO_Program.o
 .debug_info    0x0000000000007fbb      0xa4e Src/MCAL_RCC_Config.o
 .debug_info    0x0000000000008a09      0xf18 Src/MCAL_RCC_Program.o
 .debug_info    0x0000000000009921      0x9d6 Src/MCAL_STK_Config.o
 .debug_info    0x000000000000a2f7      0xc8d Src/MCAL_STK_Program.o
 .debug_info    0x000000000000af84      0xe72 Src/MCAL_TIM_Config.o
 .debug_info    0x000000000000bdf6     0x1c49 Src/MCAL_TIM_Program.o
 .debug_info    0x000000000000da3f     0x1123 Src/MotorDriver_Program.o
 .debug_info    0x000000000000eb62     0x12bb Src/SInit_Program.o
 .debug_info    0x000000000000fe1d     0x1171 Src/SModes_Program.o
 .debug_info    0x0000000000010f8e     0x10f3 Src/STM32F4xx_ISR.o
 .debug_info    0x0000000000012081      0xf11 Src/Timer_Delay.o
 .debug_info    0x0000000000012f92      0xe31 Src/UART_Prog.o
 .debug_info    0x0000000000013dc3      0xa0c Src/main.o
 .debug_info    0x00000000000147cf       0x22 Startup/startup_stm32f401ccfx.o

.debug_abbrev   0x0000000000000000     0x2fae
 .debug_abbrev  0x0000000000000000      0x23f Src/APP_GUI.o
 .debug_abbrev  0x000000000000023f      0x1f9 Src/Buzzer_Program.o
 .debug_abbrev  0x0000000000000438      0x2ba Src/CLCD_program.o
 .debug_abbrev  0x00000000000006f2      0x291 Src/CORE_NVIC_Program.o
 .debug_abbrev  0x0000000000000983      0x1e5 Src/HCSR04_Config.o
 .debug_abbrev  0x0000000000000b68      0x292 Src/HCSR04_Program.o
 .debug_abbrev  0x0000000000000dfa      0x20b Src/IR_Program.o
 .debug_abbrev  0x0000000000001005      0x2a3 Src/MCAL_GPIO_Program.o
 .debug_abbrev  0x00000000000012a8      0x1b9 Src/MCAL_RCC_Config.o
 .debug_abbrev  0x0000000000001461      0x264 Src/MCAL_RCC_Program.o
 .debug_abbrev  0x00000000000016c5      0x1a1 Src/MCAL_STK_Config.o
 .debug_abbrev  0x0000000000001866      0x26a Src/MCAL_STK_Program.o
 .debug_abbrev  0x0000000000001ad0      0x1d3 Src/MCAL_TIM_Config.o
 .debug_abbrev  0x0000000000001ca3      0x325 Src/MCAL_TIM_Program.o
 .debug_abbrev  0x0000000000001fc8      0x242 Src/MotorDriver_Program.o
 .debug_abbrev  0x000000000000220a      0x21f Src/SInit_Program.o
 .debug_abbrev  0x0000000000002429      0x249 Src/SModes_Program.o
 .debug_abbrev  0x0000000000002672      0x22c Src/STM32F4xx_ISR.o
 .debug_abbrev  0x000000000000289e      0x244 Src/Timer_Delay.o
 .debug_abbrev  0x0000000000002ae2      0x2a1 Src/UART_Prog.o
 .debug_abbrev  0x0000000000002d83      0x219 Src/main.o
 .debug_abbrev  0x0000000000002f9c       0x12 Startup/startup_stm32f401ccfx.o

.debug_aranges  0x0000000000000000      0x5f8
 .debug_aranges
                0x0000000000000000       0x28 Src/APP_GUI.o
 .debug_aranges
                0x0000000000000028       0x30 Src/Buzzer_Program.o
 .debug_aranges
                0x0000000000000058       0xa0 Src/CLCD_program.o
 .debug_aranges
                0x00000000000000f8       0x58 Src/CORE_NVIC_Program.o
 .debug_aranges
                0x0000000000000150       0x18 Src/HCSR04_Config.o
 .debug_aranges
                0x0000000000000168       0x38 Src/HCSR04_Program.o
 .debug_aranges
                0x00000000000001a0       0x30 Src/IR_Program.o
 .debug_aranges
                0x00000000000001d0       0x90 Src/MCAL_GPIO_Program.o
 .debug_aranges
                0x0000000000000260       0x18 Src/MCAL_RCC_Config.o
 .debug_aranges
                0x0000000000000278       0x50 Src/MCAL_RCC_Program.o
 .debug_aranges
                0x00000000000002c8       0x18 Src/MCAL_STK_Config.o
 .debug_aranges
                0x00000000000002e0       0x58 Src/MCAL_STK_Program.o
 .debug_aranges
                0x0000000000000338       0x18 Src/MCAL_TIM_Config.o
 .debug_aranges
                0x0000000000000350       0xc0 Src/MCAL_TIM_Program.o
 .debug_aranges
                0x0000000000000410       0x80 Src/MotorDriver_Program.o
 .debug_aranges
                0x0000000000000490       0x20 Src/SInit_Program.o
 .debug_aranges
                0x00000000000004b0       0x30 Src/SModes_Program.o
 .debug_aranges
                0x00000000000004e0       0x50 Src/STM32F4xx_ISR.o
 .debug_aranges
                0x0000000000000530       0x30 Src/Timer_Delay.o
 .debug_aranges
                0x0000000000000560       0x40 Src/UART_Prog.o
 .debug_aranges
                0x00000000000005a0       0x30 Src/main.o
 .debug_aranges
                0x00000000000005d0       0x28 Startup/startup_stm32f401ccfx.o

.debug_ranges   0x0000000000000000      0x480
 .debug_ranges  0x0000000000000000       0x18 Src/APP_GUI.o
 .debug_ranges  0x0000000000000018       0x20 Src/Buzzer_Program.o
 .debug_ranges  0x0000000000000038       0x90 Src/CLCD_program.o
 .debug_ranges  0x00000000000000c8       0x48 Src/CORE_NVIC_Program.o
 .debug_ranges  0x0000000000000110       0x28 Src/HCSR04_Program.o
 .debug_ranges  0x0000000000000138       0x20 Src/IR_Program.o
 .debug_ranges  0x0000000000000158       0x80 Src/MCAL_GPIO_Program.o
 .debug_ranges  0x00000000000001d8       0x40 Src/MCAL_RCC_Program.o
 .debug_ranges  0x0000000000000218       0x48 Src/MCAL_STK_Program.o
 .debug_ranges  0x0000000000000260       0xb0 Src/MCAL_TIM_Program.o
 .debug_ranges  0x0000000000000310       0x70 Src/MotorDriver_Program.o
 .debug_ranges  0x0000000000000380       0x10 Src/SInit_Program.o
 .debug_ranges  0x0000000000000390       0x20 Src/SModes_Program.o
 .debug_ranges  0x00000000000003b0       0x40 Src/STM32F4xx_ISR.o
 .debug_ranges  0x00000000000003f0       0x20 Src/Timer_Delay.o
 .debug_ranges  0x0000000000000410       0x30 Src/UART_Prog.o
 .debug_ranges  0x0000000000000440       0x20 Src/main.o
 .debug_ranges  0x0000000000000460       0x20 Startup/startup_stm32f401ccfx.o

.debug_macro    0x0000000000000000     0x5574
 .debug_macro   0x0000000000000000      0x197 Src/APP_GUI.o
 .debug_macro   0x0000000000000197      0xaae Src/APP_GUI.o
 .debug_macro   0x0000000000000c45       0xa9 Src/APP_GUI.o
 .debug_macro   0x0000000000000cee       0x18 Src/APP_GUI.o
 .debug_macro   0x0000000000000d06       0x22 Src/APP_GUI.o
 .debug_macro   0x0000000000000d28       0x4c Src/APP_GUI.o
 .debug_macro   0x0000000000000d74       0x94 Src/APP_GUI.o
 .debug_macro   0x0000000000000e08       0x3c Src/APP_GUI.o
 .debug_macro   0x0000000000000e44       0x34 Src/APP_GUI.o
 .debug_macro   0x0000000000000e78       0x16 Src/APP_GUI.o
 .debug_macro   0x0000000000000e8e      0x10e Src/APP_GUI.o
 .debug_macro   0x0000000000000f9c       0x8d Src/APP_GUI.o
 .debug_macro   0x0000000000001029       0x16 Src/APP_GUI.o
 .debug_macro   0x000000000000103f       0x43 Src/APP_GUI.o
 .debug_macro   0x0000000000001082       0x57 Src/APP_GUI.o
 .debug_macro   0x00000000000010d9       0x34 Src/APP_GUI.o
 .debug_macro   0x000000000000110d       0x10 Src/APP_GUI.o
 .debug_macro   0x000000000000111d       0x58 Src/APP_GUI.o
 .debug_macro   0x0000000000001175       0x71 Src/APP_GUI.o
 .debug_macro   0x00000000000011e6       0x1c Src/APP_GUI.o
 .debug_macro   0x0000000000001202      0x12a Src/APP_GUI.o
 .debug_macro   0x000000000000132c      0x339 Src/APP_GUI.o
 .debug_macro   0x0000000000001665       0x16 Src/APP_GUI.o
 .debug_macro   0x000000000000167b       0x29 Src/APP_GUI.o
 .debug_macro   0x00000000000016a4      0x103 Src/APP_GUI.o
 .debug_macro   0x00000000000017a7       0x6a Src/APP_GUI.o
 .debug_macro   0x0000000000001811      0x1df Src/APP_GUI.o
 .debug_macro   0x00000000000019f0       0x23 Src/APP_GUI.o
 .debug_macro   0x0000000000001a13       0xad Src/APP_GUI.o
 .debug_macro   0x0000000000001ac0       0x46 Src/APP_GUI.o
 .debug_macro   0x0000000000001b06       0x1c Src/APP_GUI.o
 .debug_macro   0x0000000000001b22      0x184 Src/Buzzer_Program.o
 .debug_macro   0x0000000000001ca6       0x40 Src/Buzzer_Program.o
 .debug_macro   0x0000000000001ce6       0x10 Src/Buzzer_Program.o
 .debug_macro   0x0000000000001cf6      0x196 Src/CLCD_program.o
 .debug_macro   0x0000000000001e8c       0xa9 Src/CLCD_program.o
 .debug_macro   0x0000000000001f35       0x46 Src/CLCD_program.o
 .debug_macro   0x0000000000001f7b       0x28 Src/CLCD_program.o
 .debug_macro   0x0000000000001fa3       0xfa Src/CLCD_program.o
 .debug_macro   0x000000000000209d      0x17b Src/CORE_NVIC_Program.o
 .debug_macro   0x0000000000002218       0x20 Src/CORE_NVIC_Program.o
 .debug_macro   0x0000000000002238      0x1aa Src/HCSR04_Config.o
 .debug_macro   0x00000000000023e2       0x10 Src/HCSR04_Config.o
 .debug_macro   0x00000000000023f2      0xaa5 Src/HCSR04_Config.o
 .debug_macro   0x0000000000002e97       0x60 Src/HCSR04_Config.o
 .debug_macro   0x0000000000002ef7       0x34 Src/HCSR04_Config.o
 .debug_macro   0x0000000000002f2b      0x1be Src/HCSR04_Program.o
 .debug_macro   0x00000000000030e9      0xaab Src/HCSR04_Program.o
 .debug_macro   0x0000000000003b94      0x1a4 Src/IR_Program.o
 .debug_macro   0x0000000000003d38       0x1c Src/IR_Program.o
 .debug_macro   0x0000000000003d54       0x16 Src/IR_Program.o
 .debug_macro   0x0000000000003d6a      0x197 Src/MCAL_GPIO_Program.o
 .debug_macro   0x0000000000003f01      0x168 Src/MCAL_RCC_Config.o
 .debug_macro   0x0000000000004069      0x174 Src/MCAL_RCC_Program.o
 .debug_macro   0x00000000000041dd      0x156 Src/MCAL_STK_Config.o
 .debug_macro   0x0000000000004333      0x164 Src/MCAL_STK_Program.o
 .debug_macro   0x0000000000004497      0x1a2 Src/MCAL_TIM_Config.o
 .debug_macro   0x0000000000004639       0x22 Src/MCAL_TIM_Config.o
 .debug_macro   0x000000000000465b      0x1d4 Src/MCAL_TIM_Program.o
 .debug_macro   0x000000000000482f      0x1b9 Src/MotorDriver_Program.o
 .debug_macro   0x00000000000049e8       0x22 Src/MotorDriver_Program.o
 .debug_macro   0x0000000000004a0a      0x20f Src/SInit_Program.o
 .debug_macro   0x0000000000004c19      0x1f3 Src/SModes_Program.o
 .debug_macro   0x0000000000004e0c       0x2e Src/SModes_Program.o
 .debug_macro   0x0000000000004e3a      0x1b4 Src/STM32F4xx_ISR.o
 .debug_macro   0x0000000000004fee      0x1ac Src/Timer_Delay.o
 .debug_macro   0x000000000000519a      0x1bf Src/UART_Prog.o
 .debug_macro   0x0000000000005359       0xc0 Src/UART_Prog.o
 .debug_macro   0x0000000000005419      0x15b Src/main.o

.debug_line     0x0000000000000000     0x92a2
 .debug_line    0x0000000000000000      0x653 Src/APP_GUI.o
 .debug_line    0x0000000000000653      0x5b4 Src/Buzzer_Program.o
 .debug_line    0x0000000000000c07      0x869 Src/CLCD_program.o
 .debug_line    0x0000000000001470      0x66b Src/CORE_NVIC_Program.o
 .debug_line    0x0000000000001adb      0x5a4 Src/HCSR04_Config.o
 .debug_line    0x000000000000207f      0x723 Src/HCSR04_Program.o
 .debug_line    0x00000000000027a2      0x5ee Src/IR_Program.o
 .debug_line    0x0000000000002d90      0x9d8 Src/MCAL_GPIO_Program.o
 .debug_line    0x0000000000003768      0x53d Src/MCAL_RCC_Config.o
 .debug_line    0x0000000000003ca5      0x6ad Src/MCAL_RCC_Program.o
 .debug_line    0x0000000000004352      0x528 Src/MCAL_STK_Config.o
 .debug_line    0x000000000000487a      0x796 Src/MCAL_STK_Program.o
 .debug_line    0x0000000000005010      0x596 Src/MCAL_TIM_Config.o
 .debug_line    0x00000000000055a6      0xdc4 Src/MCAL_TIM_Program.o
 .debug_line    0x000000000000636a      0x733 Src/MotorDriver_Program.o
 .debug_line    0x0000000000006a9d      0x6ad Src/SInit_Program.o
 .debug_line    0x000000000000714a      0x7cb Src/SModes_Program.o
 .debug_line    0x0000000000007915      0x661 Src/STM32F4xx_ISR.o
 .debug_line    0x0000000000007f76      0x63b Src/Timer_Delay.o
 .debug_line    0x00000000000085b1      0x6ad Src/UART_Prog.o
 .debug_line    0x0000000000008c5e      0x5c0 Src/main.o
 .debug_line    0x000000000000921e       0x84 Startup/startup_stm32f401ccfx.o

.debug_str      0x0000000000000000     0xeb7a
 .debug_str     0x0000000000000000     0x7e5e Src/APP_GUI.o
                                       0x8176 (size before relaxing)
 .debug_str     0x0000000000007e5e      0x165 Src/Buzzer_Program.o
                                       0x7f3d (size before relaxing)
 .debug_str     0x0000000000007fc3      0x825 Src/CLCD_program.o
                                       0x86d4 (size before relaxing)
 .debug_str     0x00000000000087e8      0x97b Src/CORE_NVIC_Program.o
                                       0x843c (size before relaxing)
 .debug_str     0x0000000000009163     0x417b Src/HCSR04_Config.o
                                       0xbc44 (size before relaxing)
 .debug_str     0x000000000000d2de      0x18d Src/HCSR04_Program.o
                                       0xc068 (size before relaxing)
 .debug_str     0x000000000000d46b       0xb5 Src/IR_Program.o
                                       0xc017 (size before relaxing)
 .debug_str     0x000000000000d520      0x2e7 Src/MCAL_GPIO_Program.o
                                       0x862f (size before relaxing)
 .debug_str     0x000000000000d807       0x19 Src/MCAL_RCC_Config.o
                                       0x7879 (size before relaxing)
 .debug_str     0x000000000000d820      0x2ef Src/MCAL_RCC_Program.o
                                       0x8173 (size before relaxing)
 .debug_str     0x000000000000db0f       0x19 Src/MCAL_STK_Config.o
                                       0x77b7 (size before relaxing)
 .debug_str     0x000000000000db28      0x208 Src/MCAL_STK_Program.o
                                       0x79ab (size before relaxing)
 .debug_str     0x000000000000dd30       0xd3 Src/MCAL_TIM_Config.o
                                       0xb9f8 (size before relaxing)
 .debug_str     0x000000000000de03      0x257 Src/MCAL_TIM_Program.o
                                       0xcc9a (size before relaxing)
 .debug_str     0x000000000000e05a      0x295 Src/MotorDriver_Program.o
                                       0xc216 (size before relaxing)
 .debug_str     0x000000000000e2ef       0x3a Src/SInit_Program.o
                                       0xc3b7 (size before relaxing)
 .debug_str     0x000000000000e329      0x149 Src/SModes_Program.o
                                       0xc130 (size before relaxing)
 .debug_str     0x000000000000e472       0x9e Src/STM32F4xx_ISR.o
                                       0xbce2 (size before relaxing)
 .debug_str     0x000000000000e510       0x7c Src/Timer_Delay.o
                                       0xba70 (size before relaxing)
 .debug_str     0x000000000000e58c      0x56d Src/UART_Prog.o
                                       0x87e2 (size before relaxing)
 .debug_str     0x000000000000eaf9       0x50 Src/main.o
                                       0x73d6 (size before relaxing)
 .debug_str     0x000000000000eb49       0x31 Startup/startup_stm32f401ccfx.o
                                         0x5b (size before relaxing)

.comment        0x0000000000000000       0x53
 .comment       0x0000000000000000       0x53 Src/APP_GUI.o
                                         0x54 (size before relaxing)
 .comment       0x0000000000000053       0x54 Src/Buzzer_Program.o
 .comment       0x0000000000000053       0x54 Src/CLCD_program.o
 .comment       0x0000000000000053       0x54 Src/CORE_NVIC_Program.o
 .comment       0x0000000000000053       0x54 Src/HCSR04_Config.o
 .comment       0x0000000000000053       0x54 Src/HCSR04_Program.o
 .comment       0x0000000000000053       0x54 Src/IR_Program.o
 .comment       0x0000000000000053       0x54 Src/MCAL_GPIO_Program.o
 .comment       0x0000000000000053       0x54 Src/MCAL_RCC_Config.o
 .comment       0x0000000000000053       0x54 Src/MCAL_RCC_Program.o
 .comment       0x0000000000000053       0x54 Src/MCAL_STK_Config.o
 .comment       0x0000000000000053       0x54 Src/MCAL_STK_Program.o
 .comment       0x0000000000000053       0x54 Src/MCAL_TIM_Config.o
 .comment       0x0000000000000053       0x54 Src/MCAL_TIM_Program.o
 .comment       0x0000000000000053       0x54 Src/MotorDriver_Program.o
 .comment       0x0000000000000053       0x54 Src/SInit_Program.o
 .comment       0x0000000000000053       0x54 Src/SModes_Program.o
 .comment       0x0000000000000053       0x54 Src/STM32F4xx_ISR.o
 .comment       0x0000000000000053       0x54 Src/Timer_Delay.o
 .comment       0x0000000000000053       0x54 Src/UART_Prog.o
 .comment       0x0000000000000053       0x54 Src/main.o

.debug_frame    0x0000000000000000     0x1328
 .debug_frame   0x0000000000000000       0x50 Src/APP_GUI.o
 .debug_frame   0x0000000000000050       0x64 Src/Buzzer_Program.o
 .debug_frame   0x00000000000000b4      0x244 Src/CLCD_program.o
 .debug_frame   0x00000000000002f8      0x14c Src/CORE_NVIC_Program.o
 .debug_frame   0x0000000000000444       0xa8 Src/HCSR04_Program.o
 .debug_frame   0x00000000000004ec       0x64 Src/IR_Program.o
 .debug_frame   0x0000000000000550      0x25c Src/MCAL_GPIO_Program.o
 .debug_frame   0x00000000000007ac       0xfc Src/MCAL_RCC_Program.o
 .debug_frame   0x00000000000008a8      0x148 Src/MCAL_STK_Program.o
 .debug_frame   0x00000000000009f0      0x338 Src/MCAL_TIM_Program.o
 .debug_frame   0x0000000000000d28      0x194 Src/MotorDriver_Program.o
 .debug_frame   0x0000000000000ebc       0x2c Src/SInit_Program.o
 .debug_frame   0x0000000000000ee8       0x7c Src/SModes_Program.o
 .debug_frame   0x0000000000000f64       0xec Src/STM32F4xx_ISR.o
 .debug_frame   0x0000000000001050       0x74 Src/Timer_Delay.o
 .debug_frame   0x00000000000010c4       0xb8 Src/UART_Prog.o
 .debug_frame   0x000000000000117c       0x80 Src/main.o
 .debug_frame   0x00000000000011fc       0x2c c:/st/stm32cubeide_1.6.1/stm32cubeide/plugins/com.st.stm32cube.ide.mcu.externaltools.gnu-tools-for-stm32.9-2020-q2-update.win32_1.5.0.202011040924/tools/bin/../lib/gcc/arm-none-eabi/9.3.1/../../../../arm-none-eabi/lib/thumb/v7e-m+fp/hard\libc_nano.a(lib_a-init.o)
 .debug_frame   0x0000000000001228       0x38 c:/st/stm32cubeide_1.6.1/stm32cubeide/plugins/com.st.stm32cube.ide.mcu.externaltools.gnu-tools-for-stm32.9-2020-q2-update.win32_1.5.0.202011040924/tools/bin/../lib/gcc/arm-none-eabi/9.3.1/../../../../arm-none-eabi/lib/thumb/v7e-m+fp/hard\libc_nano.a(lib_a-itoa.o)
 .debug_frame   0x0000000000001260       0x20 c:/st/stm32cubeide_1.6.1/stm32cubeide/plugins/com.st.stm32cube.ide.mcu.externaltools.gnu-tools-for-stm32.9-2020-q2-update.win32_1.5.0.202011040924/tools/bin/../lib/gcc/arm-none-eabi/9.3.1/../../../../arm-none-eabi/lib/thumb/v7e-m+fp/hard\libc_nano.a(lib_a-memset.o)
 .debug_frame   0x0000000000001280       0x48 c:/st/stm32cubeide_1.6.1/stm32cubeide/plugins/com.st.stm32cube.ide.mcu.externaltools.gnu-tools-for-stm32.9-2020-q2-update.win32_1.5.0.202011040924/tools/bin/../lib/gcc/arm-none-eabi/9.3.1/../../../../arm-none-eabi/lib/thumb/v7e-m+fp/hard\libc_nano.a(lib_a-utoa.o)
 .debug_frame   0x00000000000012c8       0x2c c:/st/stm32cubeide_1.6.1/stm32cubeide/plugins/com.st.stm32cube.ide.mcu.externaltools.gnu-tools-for-stm32.9-2020-q2-update.win32_1.5.0.202011040924/tools/bin/../lib/gcc/arm-none-eabi/9.3.1/thumb/v7e-m+fp/hard\libgcc.a(_aeabi_uldivmod.o)
 .debug_frame   0x00000000000012f4       0x34 c:/st/stm32cubeide_1.6.1/stm32cubeide/plugins/com.st.stm32cube.ide.mcu.externaltools.gnu-tools-for-stm32.9-2020-q2-update.win32_1.5.0.202011040924/tools/bin/../lib/gcc/arm-none-eabi/9.3.1/thumb/v7e-m+fp/hard\libgcc.a(_udivmoddi4.o)
